// Vitest Snapshot v1, https://vitest.dev/guide/snapshot.html

exports[`Container > renders as expected 1`] = `
<div>
  <div
    class="mockClassName"
  >
    <div>
      Test Children
    </div>
  </div>
</div>
`;

exports[`Container renders as expected 1`] = `
<div>
  <div
    class="mockClassName"
  >
    <div>
      Test Children
    </div>
  </div>
</div>
`;
